<html>
<body>
<pre>
<h1>礦ision Build Log</h1>
<h2>Tool Versions:</h2>
IDE-Version: μVision V5.14.0.0
Copyright (C) 2015 ARM Ltd and ARM Germany GmbH. All rights reserved.
License Information: 2 2, 2, LIC=32B1Q-N36DG-ARYXW-Q2JHM-KGD95-KZ7TZ
 
Tool Versions:
Toolchain:       MDK-ARM Standard  Version: 5.14.0.0
Toolchain Path:  C:\Keil_v5\ARM\ARMCC\Bin
C Compiler:      Armcc.exe V5.05 update 1 (build 106)
Assembler:       Armasm.exe V5.05 update 1 (build 106)
Linker/Locator:  ArmLink.exe V5.05 update 1 (build 106)
Library Manager: ArmAr.exe V5.05 update 1 (build 106)
Hex Converter:   FromElf.exe V5.05 update 1 (build 106)
CPU DLL:         SARMCM3.DLL V5.14.0.0
Dialog DLL:      DCM.DLL V1.13.1.0
Target DLL:      Segger\JL2CM3.dll V2.99.13.0
Dialog DLL:      TCM.DLL V1.14.4.0
 
<h2>Project:</h2>
C:\Users\10616\Desktop\航发底盘资料和代码\自动程序20201228\部分自动21811\RHF407 Demo.uvprojx
Project File Date:  06/16/2021

<h2>Output:</h2>
Build target 'RHF407 Demo'
compiling app_main.c...
compiling stm32f4xx_it.c...
compiling app_protocol_can.c...
compiling app_robot_control.c...
compiling drv_button.c...
compiling drv_can.c...
compiling drv_led.c...
compiling drv_uart.c...
compiling drv_timer.c...
compiling drv_delay.c...
compiling iwdg.c...
compiling misc.c...
compiling stm32f4xx_adc.c...
compiling stm32f4xx_can.c...
compiling stm32f4xx_dma.c...
compiling stm32f4xx_gpio.c...
compiling stm32f4xx_rcc.c...
compiling stm32f4xx_tim.c...
compiling stm32f4xx_usart.c...
compiling stm32f4xx_dbgmcu.c...
compiling stm32f4xx_exti.c...
compiling stm32f4xx_syscfg.c...
compiling stm32f4xx_iwdg.c...
assembling startup_stm32f4xx.s...
compiling system_stm32f4xx.c...
linking...
Program Size: Code=19580 RO-data=508 RW-data=224 ZI-data=2208  
FromELF: creating hex file...
".\Output\RHF407 Demo.axf" - 0 Error(s), 0 Warning(s).

<h2>Collection of Component include folders:</h2>
  C:\Users\10616\Desktop\航发底盘资料和代码\自动程序20201228\部分自动21811\RTE
  C:\Keil_v5\ARM\PACK\Keil\STM32F4xx_DFP\1.0.8\Device\Include

<h2>Collection of Component Files used:</h2>
</pre>
</body>
</html>
